stm32l4xx_hal_rcc_ex.c:3305:17:RCCEx_GetSAIxPeriphCLKFreq	0	static
stm32l4xx_hal_rcc_ex.c:2903:26:RCCEx_PLLSAI1_Config	24	static
stm32l4xx_hal_rcc_ex.c:3108:26:RCCEx_PLLSAI2_Config	24	static
stm32l4xx_hal_rcc_ex.c:194:19:HAL_RCCEx_PeriphCLKConfig	40	static
stm32l4xx_hal_rcc_ex.c:824:6:HAL_RCCEx_GetPeriphCLKConfig	8	static
stm32l4xx_hal_rcc_ex.c:1150:10:HAL_RCCEx_GetPeriphCLKFreq	8	static
stm32l4xx_hal_rcc_ex.c:2054:19:HAL_RCCEx_EnablePLLSAI1	16	static
stm32l4xx_hal_rcc_ex.c:2122:19:HAL_RCCEx_DisablePLLSAI1	16	static
stm32l4xx_hal_rcc_ex.c:2172:19:HAL_RCCEx_EnablePLLSAI2	16	static
stm32l4xx_hal_rcc_ex.c:2250:19:HAL_RCCEx_DisablePLLSAI2	16	static
stm32l4xx_hal_rcc_ex.c:2299:6:HAL_RCCEx_WakeUpStopCLKConfig	0	static
stm32l4xx_hal_rcc_ex.c:2317:6:HAL_RCCEx_StandbyMSIRangeConfig	0	static
stm32l4xx_hal_rcc_ex.c:2331:6:HAL_RCCEx_EnableLSECSS	0	static
stm32l4xx_hal_rcc_ex.c:2341:6:HAL_RCCEx_DisableLSECSS	0	static
stm32l4xx_hal_rcc_ex.c:2354:6:HAL_RCCEx_EnableLSECSS_IT	0	static
stm32l4xx_hal_rcc_ex.c:2388:13:HAL_RCCEx_LSECSS_Callback	0	static
stm32l4xx_hal_rcc_ex.c:2371:6:HAL_RCCEx_LSECSS_IRQHandler	8	static
stm32l4xx_hal_rcc_ex.c:2403:6:HAL_RCCEx_EnableLSCO	48	static
stm32l4xx_hal_rcc_ex.c:2450:6:HAL_RCCEx_DisableLSCO	24	static
stm32l4xx_hal_rcc_ex.c:2488:6:HAL_RCCEx_EnableMSIPLLMode	0	static
stm32l4xx_hal_rcc_ex.c:2498:6:HAL_RCCEx_DisableMSIPLLMode	0	static
