stm32l4xx_hal_usart.c:2656:13:USART_EndTransfer	0	static
stm32l4xx_hal_usart.c:3183:13:USART_TxISR_8BIT	0	static
stm32l4xx_hal_usart.c:3218:13:USART_TxISR_16BIT	0	static
stm32l4xx_hal_usart.c:2975:26:USART_WaitOnFlagUntilTimeout.constprop	24	static
stm32l4xx_hal_usart.c:392:13:HAL_USART_MspInit	0	static
stm32l4xx_hal_usart.c:287:19:HAL_USART_Init	24	static
stm32l4xx_hal_usart.c:407:13:HAL_USART_MspDeInit	0	static
stm32l4xx_hal_usart.c:349:19:HAL_USART_DeInit	16	static
stm32l4xx_hal_usart.c:766:19:HAL_USART_Transmit	32	static
stm32l4xx_hal_usart.c:863:19:HAL_USART_Receive	40	static
stm32l4xx_hal_usart.c:979:19:HAL_USART_TransmitReceive	40	static
stm32l4xx_hal_usart.c:1130:19:HAL_USART_Transmit_IT	8	static
stm32l4xx_hal_usart.c:1215:19:HAL_USART_Receive_IT	8	static
stm32l4xx_hal_usart.c:1348:19:HAL_USART_TransmitReceive_IT	12	static
stm32l4xx_hal_usart.c:1473:19:HAL_USART_Transmit_DMA	24	static
stm32l4xx_hal_usart.c:1558:19:HAL_USART_Receive_DMA	24	static
stm32l4xx_hal_usart.c:1680:19:HAL_USART_TransmitReceive_DMA	24	static
stm32l4xx_hal_usart.c:1800:19:HAL_USART_DMAPause	0	static
stm32l4xx_hal_usart.c:1847:19:HAL_USART_DMAResume	0	static
stm32l4xx_hal_usart.c:1894:19:HAL_USART_DMAStop	8	static
stm32l4xx_hal_usart.c:1954:19:HAL_USART_Abort	8	static
stm32l4xx_hal_usart.c:2473:13:HAL_USART_TxCpltCallback	0	static
stm32l4xx_hal_usart.c:2678:13:USART_DMATransmitCplt	8	static
stm32l4xx_hal_usart.c:2488:13:HAL_USART_TxHalfCpltCallback	0	static
stm32l4xx_hal_usart.c:2718:13:USART_DMATxHalfCplt	8	static
stm32l4xx_hal_usart.c:2503:13:HAL_USART_RxCpltCallback	0	static
stm32l4xx_hal_usart.c:2518:13:HAL_USART_RxHalfCpltCallback	0	static
stm32l4xx_hal_usart.c:2811:13:USART_DMARxHalfCplt	8	static
stm32l4xx_hal_usart.c:2533:13:HAL_USART_TxRxCpltCallback	0	static
stm32l4xx_hal_usart.c:3401:13:USART_RxISR_8BIT	16	static
stm32l4xx_hal_usart.c:3513:13:USART_RxISR_16BIT	16	static
stm32l4xx_hal_usart.c:2736:13:USART_DMAReceiveCplt	8	static
stm32l4xx_hal_usart.c:2548:13:HAL_USART_ErrorCallback	0	static
stm32l4xx_hal_usart.c:2829:13:USART_DMAError	8	static
stm32l4xx_hal_usart.c:2198:6:HAL_USART_IRQHandler	16	static
stm32l4xx_hal_usart.c:2855:13:USART_DMAAbortOnError	8	static
stm32l4xx_hal_usart.c:2563:13:HAL_USART_AbortCpltCallback	0	static
stm32l4xx_hal_usart.c:2059:19:HAL_USART_Abort_IT	8	static
stm32l4xx_hal_usart.c:2926:13:USART_DMARxAbortCallback	8	static
stm32l4xx_hal_usart.c:2878:13:USART_DMATxAbortCallback	8	static
stm32l4xx_hal_usart.c:2600:24:HAL_USART_GetState	0	static
stm32l4xx_hal_usart.c:2611:10:HAL_USART_GetError	0	static
