stm32l4xx_hal_dfsdm.c:3401:13:DFSDM_RegConvStart	0	static
stm32l4xx_hal_dfsdm.c:3442:13:DFSDM_RegConvStop	0	static
stm32l4xx_hal_dfsdm.c:3478:13:DFSDM_InjConvStart	0	static
stm32l4xx_hal_dfsdm.c:3522:13:DFSDM_InjConvStop	0	static
stm32l4xx_hal_dfsdm.c:3351:17:DFSDM_GetChannelFromInstance	0	static
stm32l4xx_hal_dfsdm.c:521:13:HAL_DFSDM_ChannelMspInit	0	static
stm32l4xx_hal_dfsdm.c:360:19:HAL_DFSDM_ChannelInit	16	static
stm32l4xx_hal_dfsdm.c:536:13:HAL_DFSDM_ChannelMspDeInit	0	static
stm32l4xx_hal_dfsdm.c:467:19:HAL_DFSDM_ChannelDeInit	16	static
stm32l4xx_hal_dfsdm.c:713:19:HAL_DFSDM_ChannelCkabStart	24	static
stm32l4xx_hal_dfsdm.c:766:19:HAL_DFSDM_ChannelPollForCkab	24	static
stm32l4xx_hal_dfsdm.c:816:19:HAL_DFSDM_ChannelCkabStop	8	static
stm32l4xx_hal_dfsdm.c:852:19:HAL_DFSDM_ChannelCkabStart_IT	24	static
stm32l4xx_hal_dfsdm.c:907:13:HAL_DFSDM_ChannelCkabCallback	0	static
stm32l4xx_hal_dfsdm.c:923:19:HAL_DFSDM_ChannelCkabStop_IT	8	static
stm32l4xx_hal_dfsdm.c:963:19:HAL_DFSDM_ChannelScdStart	0	static
stm32l4xx_hal_dfsdm.c:1000:19:HAL_DFSDM_ChannelPollForScd	24	static
stm32l4xx_hal_dfsdm.c:1050:19:HAL_DFSDM_ChannelScdStop	8	static
stm32l4xx_hal_dfsdm.c:1087:19:HAL_DFSDM_ChannelScdStart_IT	8	static
stm32l4xx_hal_dfsdm.c:1126:13:HAL_DFSDM_ChannelScdCallback	0	static
stm32l4xx_hal_dfsdm.c:1142:19:HAL_DFSDM_ChannelScdStop_IT	8	static
stm32l4xx_hal_dfsdm.c:1177:9:HAL_DFSDM_ChannelGetAwdValue	0	static
stm32l4xx_hal_dfsdm.c:1189:19:HAL_DFSDM_ChannelModifyOffset	0	static
stm32l4xx_hal_dfsdm.c:1236:32:HAL_DFSDM_ChannelGetState	0	static
stm32l4xx_hal_dfsdm.c:1429:13:HAL_DFSDM_FilterMspInit	0	static
stm32l4xx_hal_dfsdm.c:1266:19:HAL_DFSDM_FilterInit	16	static
stm32l4xx_hal_dfsdm.c:1444:13:HAL_DFSDM_FilterMspDeInit	0	static
stm32l4xx_hal_dfsdm.c:1393:19:HAL_DFSDM_FilterDeInit	8	static
stm32l4xx_hal_dfsdm.c:1718:19:HAL_DFSDM_FilterConfigRegChannel	8	static
stm32l4xx_hal_dfsdm.c:1763:19:HAL_DFSDM_FilterConfigInjChannel	0	static
stm32l4xx_hal_dfsdm.c:1833:19:HAL_DFSDM_FilterRegularStart	8	static
stm32l4xx_hal_dfsdm.c:1927:19:HAL_DFSDM_FilterRegularStop	8	static
stm32l4xx_hal_dfsdm.c:1957:19:HAL_DFSDM_FilterRegularStart_IT	8	static
stm32l4xx_hal_dfsdm.c:1988:19:HAL_DFSDM_FilterRegularStop_IT	8	static
stm32l4xx_hal_dfsdm.c:2026:19:HAL_DFSDM_FilterRegularStart_DMA	16	static
stm32l4xx_hal_dfsdm.c:2103:19:HAL_DFSDM_FilterRegularMsbStart_DMA	16	static
stm32l4xx_hal_dfsdm.c:2174:19:HAL_DFSDM_FilterRegularStop_DMA	8	static
stm32l4xx_hal_dfsdm.c:2208:9:HAL_DFSDM_FilterGetRegularValue	0	static
stm32l4xx_hal_dfsdm.c:2239:19:HAL_DFSDM_FilterInjectedStart	8	static
stm32l4xx_hal_dfsdm.c:2343:19:HAL_DFSDM_FilterInjectedStop	8	static
stm32l4xx_hal_dfsdm.c:2373:19:HAL_DFSDM_FilterInjectedStart_IT	8	static
stm32l4xx_hal_dfsdm.c:2404:19:HAL_DFSDM_FilterInjectedStop_IT	8	static
stm32l4xx_hal_dfsdm.c:2442:19:HAL_DFSDM_FilterInjectedStart_DMA	16	static
stm32l4xx_hal_dfsdm.c:2517:19:HAL_DFSDM_FilterInjectedMsbStart_DMA	16	static
stm32l4xx_hal_dfsdm.c:2586:19:HAL_DFSDM_FilterInjectedStop_DMA	8	static
stm32l4xx_hal_dfsdm.c:2620:9:HAL_DFSDM_FilterGetInjectedValue	0	static
stm32l4xx_hal_dfsdm.c:2650:19:HAL_DFSDM_FilterAwdStart_IT	0	static
stm32l4xx_hal_dfsdm.c:2699:19:HAL_DFSDM_FilterAwdStop_IT	0	static
stm32l4xx_hal_dfsdm.c:2739:19:HAL_DFSDM_FilterExdStart	0	static
stm32l4xx_hal_dfsdm.c:2770:19:HAL_DFSDM_FilterExdStop	8	static
stm32l4xx_hal_dfsdm.c:2808:9:HAL_DFSDM_FilterGetExdMaxValue	0	static
stm32l4xx_hal_dfsdm.c:2839:9:HAL_DFSDM_FilterGetExdMinValue	0	static
stm32l4xx_hal_dfsdm.c:2869:10:HAL_DFSDM_FilterGetConvTimeValue	0	static
stm32l4xx_hal_dfsdm.c:3085:13:HAL_DFSDM_FilterRegConvCpltCallback	0	static
stm32l4xx_hal_dfsdm.c:3253:13:DFSDM_DMARegularConvCplt	8	static
stm32l4xx_hal_dfsdm.c:3100:13:HAL_DFSDM_FilterRegConvHalfCpltCallback	0	static
stm32l4xx_hal_dfsdm.c:3235:13:DFSDM_DMARegularHalfConvCplt	8	static
stm32l4xx_hal_dfsdm.c:3117:13:HAL_DFSDM_FilterInjConvCpltCallback	0	static
stm32l4xx_hal_dfsdm.c:3289:13:DFSDM_DMAInjectedConvCplt	8	static
stm32l4xx_hal_dfsdm.c:3132:13:HAL_DFSDM_FilterInjConvHalfCpltCallback	0	static
stm32l4xx_hal_dfsdm.c:3271:13:DFSDM_DMAInjectedHalfConvCplt	8	static
stm32l4xx_hal_dfsdm.c:3149:13:HAL_DFSDM_FilterAwdCallback	0	static
stm32l4xx_hal_dfsdm.c:3167:13:HAL_DFSDM_FilterErrorCallback	0	static
stm32l4xx_hal_dfsdm.c:1862:19:HAL_DFSDM_FilterPollForRegConversion	16	static
stm32l4xx_hal_dfsdm.c:3307:13:DFSDM_DMAError	8	static
stm32l4xx_hal_dfsdm.c:2268:19:HAL_DFSDM_FilterPollForInjConversion	24	static
stm32l4xx_hal_dfsdm.c:2892:6:HAL_DFSDM_IRQHandler	24	static
stm32l4xx_hal_dfsdm.c:3200:31:HAL_DFSDM_FilterGetState	0	static
stm32l4xx_hal_dfsdm.c:3211:10:HAL_DFSDM_FilterGetError	0	static
