main.c:102:1:__io_putchar	16	static
main.c:116:1:__io_getchar	16	static
main.c:126:6:HAL_DFSDM_FilterRegConvCpltCallback	16	static
main.c:131:6:HAL_DFSDM_FilterRegConvHalfCpltCallback	16	static
main.c:142:5:main	32	static
main.c:223:6:SystemClock_Config	96	static
main.c:272:13:MX_CRC_Init	8	static
main.c:303:13:MX_DFSDM1_Init	8	static
main.c:356:13:MX_USART1_Init	8	static
main.c:388:13:MX_DMA_Init	16	static
main.c:406:13:MX_GPIO_Init	48	static
main.c:435:6:set_data_ai_in	304	static
main.c:506:6:get_data_ai_out	48	static
main.c:565:6:Error_Handler	4	static
